[2026-03-17T17:59:49.671Z] The sky is blue because of a phenomenon called **Rayleigh scattering**.

Here is the step-by-step breakdown of how it works:

### 1. Sunlight is a mix of all colors
Although sunlight looks white to us, it is actually made up of all the colors of the rainbow (red, orange, yellow, green, blue, indigo, and violet). Light travels as waves, and each color has a different wavelength. Red light has long, lazy waves, while blue and violet light have much shorter, choppier waves.

### 2. The Atmosphere is like an obstacle course
Earth’s atmosphere is filled with gases (mostly nitrogen and oxygen). When sunlight hits the atmosphere, it strikes the molecules of these gases.

### 3. Blue waves scatter more easily
Because gas molecules are very small, they affect the colors differently:
*   **Longer wavelengths** (red and yellow) pass through the atmosphere mostly straight, without bumping into much.
*   **Shorter wavelengths** (blue and violet) strike the gas molecules and get scattered in every direction. 

Because the blue light is bouncing around everywhere in the upper atmosphere, when you look up, your eyes are hit by this scattered blue light from every part of the sky.

### 4. Why isn't the sky violet?
Violet light has an even shorter wavelength than blue light, so it scatters even more. Technically, the sky *is* violet! However, we see it as blue for two reasons:
1.  **The Sun:** The sun emits much more blue light than violet light.
2.  **Human Eyes:** Our eyes are much more sensitive to blue than they are to violet. Our brains interpret the mix of scattered violet and blue light simply as pale blue.

---

### What about sunsets?
When the sun is setting or rising, it is lower on the horizon. The light has to travel through much more of the Earth's atmosphere to reach your eyes. By the time the light gets to you, the blue light has been scattered away completely, leaving only the **long-wavelength reds and oranges** to pass through.
[2026-03-17T18:00:47.443Z] The sky is blue because of a phenomenon called **Rayleigh scattering**.

Here is the step-by-step breakdown of how it works:

### 1. Sunlight is a rainbow
Although sunlight looks white to us, it is actually made up of all the colors of the rainbow (red, orange, yellow, green, blue, indigo, and violet). Light travels as **waves**, and each color has a different wavelength. Red light has long, lazy waves, while blue and violet light have much shorter, choppier waves.

### 2. The Atmosphere is an obstacle course
Earth’s atmosphere is filled with gases (mostly nitrogen and oxygen). When sunlight hits the atmosphere, it strikes the molecules of these gases.

### 3. Blue waves scatter more easily
Because blue light travels in shorter, smaller waves, it crashes into the gas molecules and gets scattered in every direction. Red light, with its long wavelengths, passes through the atmosphere relatively straight without bumping into much. 

Because the blue light is bouncing around everywhere in the upper atmosphere, when you look up, your eyes are hit by that scattered blue light coming from every part of the sky.

### Why isn't the sky violet?
Violet light has an even shorter wavelength than blue light, so it actually scatters even more. Technically, the sky *is* violet. However, we see it as blue for two reasons:
1.  **The Sun:** The Sun emits much more blue light than violet light.
2.  **Our Eyes:** Human eyes are much more sensitive to blue than violet. Our brains interpret the mix of scattered violet and blue light simply as pale blue.

### What about sunsets?
When the sun is setting or rising, the light has to travel through much more of the Earth's atmosphere to reach your eyes. By the time the light gets to you, the blue light has been scattered away completely, leaving only the long-wavelength **reds and oranges** to pass through.
[2026-03-17T18:01:29.128Z] **NaviHub** (navihub.org) is the official innovation and collaboration platform for the **U.S. Navy’s Information Warfare (IW)** community. It is spearheaded by **NAVIFOR** (Naval Information Forces).

Think of it as a "digital bridge" designed to connect Navy personnel (Sailors and civilians) with industry, academia, and other government agencies to solve complex technical and operational problems.

Here is a breakdown of what NaviHub does and why it exists:

### 1. The Core Mission: Information Warfare Innovation
The U.S. Navy recognizes that technology in the fields of cyber, intelligence, and communications moves faster than traditional military procurement cycles. NaviHub was created to:
*   **Accelerate Technology:** Get modern tools into the hands of Sailors faster.
*   **Crowdsource Solutions:** Allow Sailors on the "front lines" to report problems and suggest solutions directly to engineers and developers.
*   **Break Silos:** Facilitate communication between different branches of Information Warfare (Meteorology, Cryptology, Cyber, Intelligence, and IT).

### 2. Key Areas of Focus
NaviHub focuses on the "pillars" of Information Warfare, including:
*   **Cybersecurity:** Defending naval networks and offensive cyber capabilities.
*   **Electronic Warfare (EW):** Controlling the electromagnetic spectrum.
*   **Intelligence:** Improving how data is collected and analyzed.
*   **Communications:** Ensuring reliable satellite and radio links in contested environments.
*   **Oceanography/METOC:** Using environmental data for tactical advantage.

### 3. How it Works
The platform serves several practical functions:
*   **Challenges and Sprints:** The Navy posts specific "problems" they are facing, and industry partners or internal Navy teams can submit proposals or prototypes to solve them.
*   **Collaboration Tools:** It provides a space for developers and operators to work together on software or hardware projects.
*   **Resource Library:** It acts as a central repository for IW-related research, training, and innovation success stories.

### 4. Who is it for?
*   **Sailors/Government Personnel:** They use it to submit ideas, report pain points in their current systems, and see what new tech is being developed.
*   **Industry/Contractors:** Small businesses and tech startups use the site to understand the Navy’s needs and find pathways to provide their technology to the military (often through non-traditional contracts like OTAs—Other Transaction Authorities).
*   **Academia:** University researchers use it to align their scientific work with naval operational requirements.

### 5. Access and Visibility
The public-facing website (navihub.org) provides general information about their mission and how to get involved. However, because it deals with defense technology, many of the specific project details and collaboration tools are hosted on **secure, credentialed networks** (requiring a Common Access Card or CAC) to protect sensitive information.

### Why is it important?
In modern warfare, the "information domain" is considered just as important as sea, air, or land. NaviHub is the Navy’s attempt to stay ahead of adversaries (like China or Russia) by adopting a "Silicon Valley" approach to rapid software development and problem-solving.

**If you are a tech developer or a researcher** with a product that has "dual-use" (commercial and military) potential in data, cyber, or comms, NaviHub is often the first door you should knock on to work with the Navy.
[2026-03-17T19:38:56.841Z] The sky is blue because of a phenomenon called **Rayleigh scattering**.

Here is the step-by-step breakdown of how it works:

### 1. Sunlight is a rainbow
Although sunlight looks white to us, it is actually made up of all the colors of the rainbow (red, orange, yellow, green, blue, indigo, and violet). Light travels as waves, and each color has a different wavelength. Red light has long, lazy waves, while blue and violet light have much shorter, choppier waves.

### 2. The Atmosphere is an obstacle course
Earth’s atmosphere is filled with gases (mostly nitrogen and oxygen). When sunlight hits the atmosphere, it strikes the molecules of these gases.

### 3. Blue light scatters more easily
Because gas molecules are very small, they affect the colors differently:
*   **Longer wavelengths** (reds and yellows) pass through the atmosphere mostly straight, without bumping into much.
*   **Shorter wavelengths** (blues and violets) strike the gas molecules and get scattered in every direction. 

Because the blue light is bouncing around everywhere in the upper atmosphere, when you look up, your eyes are catching that scattered blue light coming from every part of the sky.

### Why isn't the sky violet?
Violet light has an even shorter wavelength than blue light, so it actually scatters even more. Technically, the sky *is* violet! However, we see it as blue for two reasons:
1.  **The Sun:** The sun emits much more blue light than violet light.
2.  **The Human Eye:** Human eyes are much more sensitive to blue than they are to violet. Our brains interpret the mix of scattered violet and blue light as a pale blue.

### What about sunsets?
When the sun is setting or rising, the light has to travel through much more of the Earth's atmosphere to reach your eyes because it is at a low angle. By the time the light gets to you, the blue light has been scattered away completely, leaving only the long-wavelength **reds and oranges** to pass through.
[2026-03-17T19:44:34.384Z] I don't understand the question.
[2026-03-17T19:44:52.150Z] The short answer is a phenomenon called **Rayleigh scattering**.

Here is the step-by-step breakdown of how it works:

### 1. Sunlight is a mix of all colors
Although sunlight looks white to us, it is actually made up of all the colors of the rainbow (red, orange, yellow, green, blue, indigo, and violet). Light travels as **waves**, and each color has a different wavelength. Red light travels in long, lazy waves, while blue and violet light travel in short, choppy waves.

### 2. The Atmosphere is like an obstacle course
Earth’s atmosphere is filled with gases (mostly nitrogen and oxygen). When sunlight strikes the molecules of these gases, the light behaves differently depending on its wavelength.

### 3. Blue light scatters more easily
Because gas molecules are very small, they affect the shorter wavelengths more than the longer ones. 
*   The **longer waves** (reds and yellows) pass through the atmosphere mostly straight, without bumping into much.
*   The **shorter waves** (blues and violets) strike the gas molecules and get scattered in every direction.

Because this blue light is bouncing around everywhere in the upper atmosphere, when you look up, your eyes are hit by that scattered blue light coming from every part of the sky.

### 4. Why isn't the sky violet?
Violet light has an even shorter wavelength than blue light, so it actually scatters even more. Technically, the sky *is* violet, but we see it as blue for two reasons:
1.  **The Sun:** The sun emits much more blue light than violet light.
2.  **Human Biology:** Our eyes are much more sensitive to blue than to violet. Our brains interpret the mix of scattered violet and blue light as a pale blue.

---

### What about sunsets?
When the sun is setting or rising, it is much lower on the horizon. The light has to travel through much more of the Earth's atmosphere to reach your eyes. By the time the light gets to you, the blue light has been scattered away completely, leaving only the long-wavelength **reds and oranges** to pass through.
[2026-03-17T19:52:00.817Z] The sky is blue because of a phenomenon called **Rayleigh scattering**.

Here is the step-by-step breakdown of how it works:

### 1. Sunlight is a mix of all colors
Although sunlight looks white to us, it is actually made up of all the colors of the rainbow (red, orange, yellow, green, blue, indigo, and violet). Light travels as **waves**, and each color has a different wavelength. Red light has long, lazy waves, while blue and violet light have much shorter, choppier waves.

### 2. The Atmosphere is an obstacle course
Earth’s atmosphere is filled with gases (mostly nitrogen and oxygen). When sunlight hits the atmosphere, it strikes the molecules of these gases.

### 3. Shorter waves scatter more
Because gas molecules are very small, they affect the colors differently:
*   **Longer wavelengths** (red and yellow) pass through the atmosphere mostly straight, without bumping into much.
*   **Shorter wavelengths** (blue and violet) strike the gas molecules and get scattered in every direction. 

Because the blue light is bouncing around everywhere in the upper atmosphere, when you look up, your eyes are hit by this scattered blue light coming from every part of the sky.

### Why isn’t the sky violet?
Violet light has an even shorter wavelength than blue light, so it actually scatters even more. However, the sky doesn't look violet for two reasons:
1.  **The Sun:** The Sun emits much more blue light than violet light.
2.  **Our Eyes:** Human eyes are much more sensitive to blue than to violet. Our brains interpret the mix of scattered violet and blue light simply as pale blue.

### What about sunsets?
When the sun is setting, the light has to travel through much more of the Earth's atmosphere to reach your eyes. By the time the light gets to you, the blue light has been scattered away completely, leaving only the **longer wavelengths** (red, orange, and pink) to pass through.
[2026-03-17T20:09:40.578Z] I don't understand the question.
[2026-03-17T20:21:28.206Z] I don't understand the question.
[2026-03-17T20:21:29.997Z] I don't understand the question.
[2026-03-17T20:21:31.637Z] I don't understand the question.
[2026-03-17T20:21:36.429Z] I don't understand the question.
[2026-03-17T20:23:10.786Z] I don't understand the question!fdaosdihfasopdh
[2026-03-17T20:23:19.421Z] I don't understand the question!
[2026-03-17T20:23:20.256Z] I don't understand the question!
[2026-03-17T20:23:21.111Z] I don't understand the question!
[2026-03-17T20:23:21.829Z] I don't understand the question!
[2026-03-17T20:23:22.509Z] I don't understand the question!
[2026-03-17T20:23:23.130Z] I don't understand the question!
[2026-03-17T20:23:24.191Z] I don't understand the question!
[2026-03-17T20:23:33.391Z] The sky is blue because of a phenomenon called **Rayleigh scattering**.

Here is the step-by-step breakdown of how it works:

### 1. Sunlight is a mix of all colors
Although sunlight looks white to us, it is actually made up of all the colors of the rainbow (red, orange, yellow, green, blue, indigo, and violet). Light travels as waves, and each color has a different wavelength. Red light has long, lazy waves, while blue and violet light have much shorter, choppier waves.

### 2. The Atmosphere is an obstacle course
Earth’s atmosphere is filled with gases (mostly nitrogen and oxygen). As sunlight travels through the atmosphere, it strikes the molecules of these gases.

### 3. Shorter waves scatter more
Because gas molecules are very small, they affect the colors differently:
*   **Longer wavelengths** (reds and yellows) pass through the atmosphere mostly straight, without bumping into much.
*   **Shorter wavelengths** (blues and violets) strike the gas molecules and get scattered in every direction.

Because the blue light is bouncing around everywhere in the upper atmosphere, when you look up, your eyes are hit by that scattered blue light coming from every part of the sky.

---

### Common Follow-up Questions

**Why isn’t the sky violet?**
Violet light has an even shorter wavelength than blue light, so it actually scatters even more. However, the sky doesn't look violet for two reasons:
1.  **The Sun:** The Sun emits much more blue light than violet light.
2.  **Human Eyes:** Our eyes are much more sensitive to blue than violet. Our brains interpret the mix of scattered violet and blue light simply as pale blue.

**Why is the sunset red?**
When the sun is setting or rising, it is much lower on the horizon. The light has to travel through much more of the Earth's atmosphere to reach your eyes. By the time the light gets to you, the blue light has been scattered away completely, leaving only the long-wavelength reds and oranges to pass through.

**What is the sky like on the Moon?**
The Moon has no atmosphere. Because there are no gas molecules to scatter the light, the "sky" looks pitch black, even when the sun is shining directly on the surface.
[2026-03-17T20:32:17.723Z] I don't understand the question!
[2026-03-17T21:14:06.229Z] The sky is blue because of a phenomenon called **Rayleigh scattering**. Here is the step-by-step breakdown of how it works:

### 1. Sunlight is a rainbow
Although sunlight looks white to us, it is actually made up of all the colors of the rainbow (red, orange, yellow, green, blue, indigo, and violet). Light travels as waves, and each color has a different wavelength. Red light has long, lazy waves, while blue and violet light have much shorter, choppier waves.

### 2. The Atmosphere is an obstacle course
Earth’s atmosphere is filled with gases (mostly nitrogen and oxygen). When sunlight hits the atmosphere, it strikes the molecules of these gases.

### 3. Scattering the light
Because blue light travels in shorter, smaller waves, it crashes into the gas molecules more easily and gets scattered in every direction. Red light, with its longer waves, passes through the atmosphere relatively straight without bumping into as many molecules. 

Because the blue light is bouncing around everywhere in the upper atmosphere, when you look up, your eyes are hit by this scattered blue light from every part of the sky.

### 4. Why isn’t the sky violet?
Violet light has an even shorter wavelength than blue light, so it scatters even more. Technically, the sky *is* violet, but we see it as blue for two reasons:
*   **The Sun’s output:** The Sun emits much more blue light than violet light.
*   **Human biology:** Our eyes are much more sensitive to blue than they are to violet. Our brains interpret the mix of scattered violet and blue light simply as pale blue.

---

### What about sunsets?
When the sun is setting or rising, it is lower on the horizon. The light has to travel through much more of the Earth's atmosphere to reach your eyes. By the time the light gets to you, the blue light has been scattered away completely, leaving only the long-wavelength **reds, oranges, and yellows** to pass through.
[2026-03-18T05:04:59.723Z] It looks like you didn't specify the topic you would like me to summarize! 

Please let me know what subject you are interested in (for example: **The French Revolution, the life of Steve Jobs, the history of the Internet, or World War II**), and I will provide a summary including:

1.  **A concise overview** of the subject.
2.  **Important dates** in chronological order.
3.  **Key highlights and major milestones.**

**What would you like me to summarize?**
